node.exe : Using EAS CLI without version control system is not recommended, use this mode only if you know what you are
 doing.
所在位置 C:\Users\凌霄\AppData\Roaming\npm\eas.ps1:24 字符: 5
+     & "node$exe"  "$basedir/node_modules/eas-cli/bin/run" $args
+     ~~~~~~~~~~~~~~~~~~~~~~~~~~~~~~~~~~~~~~~~~~~~~~~~~~~~~~~~~~~
    + CategoryInfo          : NotSpecified: (Using EAS CLI w... you are doing.:String) [], RemoteException
    + FullyQualifiedErrorId : NativeCommandError
 

⚠️ Detected that your app uses Expo Go for development, this is not recommended when building production apps.
Learn more: https://expo.fyi/why-not-build-expo-go-for-production
To suppress this warning, set EAS_BUILD_NO_EXPO_GO_WARNING=true.

The field "cli.appVersionSource" is not set, but it will be required in the future Proceeding with the default "local" value. Learn more: https://docs.expo.dev/build-reference/app-versions/
√ Updated eas.json
Resolved "production" environment for the build. Learn more: https://docs.expo.dev/eas/environment-variables/#setting-the-environment-for-your-builds
No environment variables with visibility "Plain text" and "Sensitive" found for the "production" environment on EAS.

Resource class m1-medium is deprecated. Use m-medium instead.
app.json is missing ios.infoPlist.ITSAppUsesNonExemptEncryption boolean. Manual configuration is required in App Store Connect before the app can be tested.


The build profile "production" has specified the channel "production", but the "expo-updates" package hasn't been installed. To use channels for your builds, install the "expo-updates" package by running "npx expo install expo-updates" followed by "eas update:configure".
✔ Using remote iOS credentials (Expo server)

Distribution Certificate is not validated for non-interactive builds.
Failed to set up credentials.
Credentials are not set up. Run this command again in interactive mode.
    Error: build command failed.
